[0.29-3.34] Это[0.29] самый[0.55] необычный[0.79] пример[1.29] того[1.57] как[1.95] работает[2.05] бесконечность[2.45]
[3.34-3.45] 
[3.52-4.86] Есть[3.52] знаменитая[3.74] теорема[4.28]
[4.90-7.64] Если[4.90] обезьяна[5.16] будет[5.64] вечно[5.90] нажимать[6.16] случайные[6.58] клавиши[7.08]
[7.81-9.89] Она[7.81] рано[8.05] или[8.31] поздно[8.39] напечатает[8.83] Гамлета[9.33]
[10.19-12.26] Это[10.19] звучит[10.39] красиво[10.73] но[11.23] давайте[11.29] посчитаем[11.55]
[12.31-12.42] Редактор[12.31] субтитров[12.31] А[12.31] Синецкая[12.31] Корректор[12.31] А[12.31] Егорова[12.31]
[12.47-17.48] Даже[12.47] фраза[12.71] «быть[13.11] или[13.29] не[13.41] быть»[13.57] на[13.87] английском[13.87] при[14.51] 26[14.55] буквах[15.11] появится[15.67] с[16.15] шансом[16.21] примерно[16.69] 1[16.95]
[17.67-19.39] к[17.67] 29[17.79] ти[18.39] септилионам[18.65]
[19.63-22.04] а[19.63] в[19.85] Гамлете[19.91] больше[20.31] 130[20.57] тысяч[21.11] символов[21.51]
[22.36-24.10] Возраст[22.36] вселенной[22.80] не[23.24] хватит[23.36] чтобы[23.88]
[24.12-25.38] Это[24.12] произошло[24.38] хоть[24.84] раз[24.98]
[25.74-27.76] но[25.74] бесконечность[25.98] времени[26.72] ограничена[27.04]
[28.00-31.98] А[28.00] там[28.20] любое[28.42] возможное[28.72] событие[29.14] даже[29.62] самое[29.78] невероятное[30.04] случается[30.66] обязательно[31.16]
[32.42-34.75] Хотите[32.42] чтобы[32.80] ваш[33.00] ребёнок[33.20] не[33.54] боялся[33.62] больших[34.02] чисел[34.30]
[34.94-39.13] Напишите[34.94] в[35.44] комментариях[35.50] слово[36.02] «алгебра»[36.30] и[36.82] я[36.96] проведу[37.06] с[37.38] ним[37.38] первое[37.54] занятие[37.82] по[38.28] математике[38.38]
    0 Это                0.00 ->   0.29
    1 самый              0.48 ->   0.55
    5 как                2.02 ->   1.95
    8 Есть               3.72 ->   3.52
   11 если               5.02 ->   4.90
   13 будет              5.58 ->   5.64
   18 она                7.94 ->   7.81
   21 поздно             8.48 ->   8.39
   22 напечатает         8.72 ->   8.83
   24 Это               10.32 ->  10.19
   30 Даже              12.68 ->  12.47
   36 на                13.70 ->  13.87
   38 при               14.38 ->  14.51
   42 с                 16.08 ->  16.15
   44 примерно          16.62 ->  16.69
   46 к                 17.44 ->  17.67
   47 29                17.72 ->  17.79
   51 Гамлете           20.12 ->  19.91
   56 Возраст           22.52 ->  22.36
   60 чтобы             23.96 ->  23.88
   61 это               23.96 ->  24.12
   63 хоть              24.76 ->  24.84
   80 обязательно       31.26 ->  31.16
   81 Хотите            32.64 ->  32.42
   82 чтобы             32.90 ->  32.80
   89 Напишите          35.06 ->  34.94
не сопоставлены: [(48, 'септиллионам', 18.5), (66, 'в', 25.99), (67, 'бесконечности', 26.04), (68, 'время', 26.76), (69, 'не', 27.02), (70, 'ограничено', 27.12)]
